Archive member included to satisfy reference by file (symbol)

/opt/st/STM32CubeIDE/plugins/com.st.stm32cube.ide.mcu.externaltools.gnu-tools-for-stm32.7-2018-q2-update.linux64_1.4.0.202007081208/tools/bin/../lib/gcc/arm-none-eabi/7.3.1/../../../../arm-none-eabi/lib/thumb/v7-m/libc_nano.a(lib_a-errno.o)
                              Core/Src/syscalls.o (__errno)
/opt/st/STM32CubeIDE/plugins/com.st.stm32cube.ide.mcu.externaltools.gnu-tools-for-stm32.7-2018-q2-update.linux64_1.4.0.202007081208/tools/bin/../lib/gcc/arm-none-eabi/7.3.1/../../../../arm-none-eabi/lib/thumb/v7-m/libc_nano.a(lib_a-exit.o)
                              /opt/st/STM32CubeIDE/plugins/com.st.stm32cube.ide.mcu.externaltools.gnu-tools-for-stm32.7-2018-q2-update.linux64_1.4.0.202007081208/tools/bin/../lib/gcc/arm-none-eabi/7.3.1/../../../../arm-none-eabi/lib/thumb/v7-m/crt0.o (exit)
/opt/st/STM32CubeIDE/plugins/com.st.stm32cube.ide.mcu.externaltools.gnu-tools-for-stm32.7-2018-q2-update.linux64_1.4.0.202007081208/tools/bin/../lib/gcc/arm-none-eabi/7.3.1/../../../../arm-none-eabi/lib/thumb/v7-m/libc_nano.a(lib_a-impure.o)
                              /opt/st/STM32CubeIDE/plugins/com.st.stm32cube.ide.mcu.externaltools.gnu-tools-for-stm32.7-2018-q2-update.linux64_1.4.0.202007081208/tools/bin/../lib/gcc/arm-none-eabi/7.3.1/../../../../arm-none-eabi/lib/thumb/v7-m/libc_nano.a(lib_a-exit.o) (_global_impure_ptr)
/opt/st/STM32CubeIDE/plugins/com.st.stm32cube.ide.mcu.externaltools.gnu-tools-for-stm32.7-2018-q2-update.linux64_1.4.0.202007081208/tools/bin/../lib/gcc/arm-none-eabi/7.3.1/../../../../arm-none-eabi/lib/thumb/v7-m/libc_nano.a(lib_a-init.o)
                              /opt/st/STM32CubeIDE/plugins/com.st.stm32cube.ide.mcu.externaltools.gnu-tools-for-stm32.7-2018-q2-update.linux64_1.4.0.202007081208/tools/bin/../lib/gcc/arm-none-eabi/7.3.1/../../../../arm-none-eabi/lib/thumb/v7-m/crt0.o (__libc_init_array)
/opt/st/STM32CubeIDE/plugins/com.st.stm32cube.ide.mcu.externaltools.gnu-tools-for-stm32.7-2018-q2-update.linux64_1.4.0.202007081208/tools/bin/../lib/gcc/arm-none-eabi/7.3.1/../../../../arm-none-eabi/lib/thumb/v7-m/libc_nano.a(lib_a-memcpy-stub.o)
                              Core/Src/u8g2_font_render.o (memcpy)
/opt/st/STM32CubeIDE/plugins/com.st.stm32cube.ide.mcu.externaltools.gnu-tools-for-stm32.7-2018-q2-update.linux64_1.4.0.202007081208/tools/bin/../lib/gcc/arm-none-eabi/7.3.1/../../../../arm-none-eabi/lib/thumb/v7-m/libc_nano.a(lib_a-memset.o)
                              /opt/st/STM32CubeIDE/plugins/com.st.stm32cube.ide.mcu.externaltools.gnu-tools-for-stm32.7-2018-q2-update.linux64_1.4.0.202007081208/tools/bin/../lib/gcc/arm-none-eabi/7.3.1/../../../../arm-none-eabi/lib/thumb/v7-m/crt0.o (memset)

Allocating common symbols
Common symbol       size              file

uwTick              0x4               Drivers/STM32F1xx_HAL_Driver/Src/stm32f1xx_hal.o
pFlash              0x20              Drivers/STM32F1xx_HAL_Driver/Src/stm32f1xx_hal_flash.o
_N1202_RAM          0x360             Core/Src/main.o

Discarded input sections

 .text          0x0000000000000000        0x0 /opt/st/STM32CubeIDE/plugins/com.st.stm32cube.ide.mcu.externaltools.gnu-tools-for-stm32.7-2018-q2-update.linux64_1.4.0.202007081208/tools/bin/../lib/gcc/arm-none-eabi/7.3.1/thumb/v7-m/crti.o
 .data          0x0000000000000000        0x0 /opt/st/STM32CubeIDE/plugins/com.st.stm32cube.ide.mcu.externaltools.gnu-tools-for-stm32.7-2018-q2-update.linux64_1.4.0.202007081208/tools/bin/../lib/gcc/arm-none-eabi/7.3.1/thumb/v7-m/crti.o
 .bss           0x0000000000000000        0x0 /opt/st/STM32CubeIDE/plugins/com.st.stm32cube.ide.mcu.externaltools.gnu-tools-for-stm32.7-2018-q2-update.linux64_1.4.0.202007081208/tools/bin/../lib/gcc/arm-none-eabi/7.3.1/thumb/v7-m/crti.o
 .data          0x0000000000000000        0x4 /opt/st/STM32CubeIDE/plugins/com.st.stm32cube.ide.mcu.externaltools.gnu-tools-for-stm32.7-2018-q2-update.linux64_1.4.0.202007081208/tools/bin/../lib/gcc/arm-none-eabi/7.3.1/thumb/v7-m/crtbegin.o
 .text          0x0000000000000000       0x74 /opt/st/STM32CubeIDE/plugins/com.st.stm32cube.ide.mcu.externaltools.gnu-tools-for-stm32.7-2018-q2-update.linux64_1.4.0.202007081208/tools/bin/../lib/gcc/arm-none-eabi/7.3.1/../../../../arm-none-eabi/lib/thumb/v7-m/crt0.o
 .data          0x0000000000000000        0x0 /opt/st/STM32CubeIDE/plugins/com.st.stm32cube.ide.mcu.externaltools.gnu-tools-for-stm32.7-2018-q2-update.linux64_1.4.0.202007081208/tools/bin/../lib/gcc/arm-none-eabi/7.3.1/../../../../arm-none-eabi/lib/thumb/v7-m/crt0.o
 .bss           0x0000000000000000        0x0 /opt/st/STM32CubeIDE/plugins/com.st.stm32cube.ide.mcu.externaltools.gnu-tools-for-stm32.7-2018-q2-update.linux64_1.4.0.202007081208/tools/bin/../lib/gcc/arm-none-eabi/7.3.1/../../../../arm-none-eabi/lib/thumb/v7-m/crt0.o
[...]
Memory Configuration

Name             Origin             Length             Attributes
RAM              0x0000000020000000 0x0000000000005000 xrw
FLASH            0x0000000008000000 0x0000000000010000 xr
*default*        0x0000000000000000 0xffffffffffffffff

Linker script and memory map

LOAD /opt/st/STM32CubeIDE/plugins/com.st.stm32cube.ide.mcu.externaltools.gnu-tools-for-stm32.7-2018-q2-update.linux64_1.4.0.202007081208/tools/bin/../lib/gcc/arm-none-eabi/7.3.1/thumb/v7-m/crti.o
LOAD /opt/st/STM32CubeIDE/plugins/com.st.stm32cube.ide.mcu.externaltools.gnu-tools-for-stm32.7-2018-q2-update.linux64_1.4.0.202007081208/tools/bin/../lib/gcc/arm-none-eabi/7.3.1/thumb/v7-m/crtbegin.o
LOAD /opt/st/STM32CubeIDE/plugins/com.st.stm32cube.ide.mcu.externaltools.gnu-tools-for-stm32.7-2018-q2-update.linux64_1.4.0.202007081208/tools/bin/../lib/gcc/arm-none-eabi/7.3.1/../../../../arm-none-eabi/lib/thumb/v7-m/crt0.o
LOAD Core/Src/main.o
LOAD Core/Src/n1202.o
LOAD Core/Src/stm32f1xx_hal_msp.o
LOAD Core/Src/stm32f1xx_it.o
LOAD Core/Src/syscalls.o
LOAD Core/Src/sysmem.o
LOAD Core/Src/system_stm32f1xx.o
LOAD Core/Src/u8g2_font_render.o
LOAD Core/Startup/startup_stm32f103c8tx.o
LOAD Drivers/STM32F1xx_HAL_Driver/Src/stm32f1xx_hal.o
LOAD Drivers/STM32F1xx_HAL_Driver/Src/stm32f1xx_hal_cortex.o
LOAD Drivers/STM32F1xx_HAL_Driver/Src/stm32f1xx_hal_dma.o
LOAD Drivers/STM32F1xx_HAL_Driver/Src/stm32f1xx_hal_exti.o
LOAD Drivers/STM32F1xx_HAL_Driver/Src/stm32f1xx_hal_flash.o
LOAD Drivers/STM32F1xx_HAL_Driver/Src/stm32f1xx_hal_flash_ex.o
LOAD Drivers/STM32F1xx_HAL_Driver/Src/stm32f1xx_hal_gpio.o
LOAD Drivers/STM32F1xx_HAL_Driver/Src/stm32f1xx_hal_gpio_ex.o
LOAD Drivers/STM32F1xx_HAL_Driver/Src/stm32f1xx_hal_pwr.o
LOAD Drivers/STM32F1xx_HAL_Driver/Src/stm32f1xx_hal_rcc.o
LOAD Drivers/STM32F1xx_HAL_Driver/Src/stm32f1xx_hal_rcc_ex.o
LOAD Drivers/STM32F1xx_HAL_Driver/Src/stm32f1xx_hal_tim.o
LOAD Drivers/STM32F1xx_HAL_Driver/Src/stm32f1xx_hal_tim_ex.o
START GROUP
LOAD /opt/st/STM32CubeIDE/plugins/com.st.stm32cube.ide.mcu.externaltools.gnu-tools-for-stm32.7-2018-q2-update.linux64_1.4.0.202007081208/tools/bin/../lib/gcc/arm-none-eabi/7.3.1/../../../../arm-none-eabi/lib/thumb/v7-m/libc_nano.a
LOAD /opt/st/STM32CubeIDE/plugins/com.st.stm32cube.ide.mcu.externaltools.gnu-tools-for-stm32.7-2018-q2-update.linux64_1.4.0.202007081208/tools/bin/../lib/gcc/arm-none-eabi/7.3.1/../../../../arm-none-eabi/lib/thumb/v7-m/libm.a
END GROUP
START GROUP
LOAD /opt/st/STM32CubeIDE/plugins/com.st.stm32cube.ide.mcu.externaltools.gnu-tools-for-stm32.7-2018-q2-update.linux64_1.4.0.202007081208/tools/bin/../lib/gcc/arm-none-eabi/7.3.1/thumb/v7-m/libgcc.a
LOAD /opt/st/STM32CubeIDE/plugins/com.st.stm32cube.ide.mcu.externaltools.gnu-tools-for-stm32.7-2018-q2-update.linux64_1.4.0.202007081208/tools/bin/../lib/gcc/arm-none-eabi/7.3.1/../../../../arm-none-eabi/lib/thumb/v7-m/libc_nano.a
END GROUP
START GROUP
LOAD /opt/st/STM32CubeIDE/plugins/com.st.stm32cube.ide.mcu.externaltools.gnu-tools-for-stm32.7-2018-q2-update.linux64_1.4.0.202007081208/tools/bin/../lib/gcc/arm-none-eabi/7.3.1/thumb/v7-m/libgcc.a
LOAD /opt/st/STM32CubeIDE/plugins/com.st.stm32cube.ide.mcu.externaltools.gnu-tools-for-stm32.7-2018-q2-update.linux64_1.4.0.202007081208/tools/bin/../lib/gcc/arm-none-eabi/7.3.1/../../../../arm-none-eabi/lib/thumb/v7-m/libc_nano.a
LOAD /opt/st/STM32CubeIDE/plugins/com.st.stm32cube.ide.mcu.externaltools.gnu-tools-for-stm32.7-2018-q2-update.linux64_1.4.0.202007081208/tools/bin/../lib/gcc/arm-none-eabi/7.3.1/../../../../arm-none-eabi/lib/thumb/v7-m/libnosys.a
END GROUP
START GROUP
LOAD /opt/st/STM32CubeIDE/plugins/com.st.stm32cube.ide.mcu.externaltools.gnu-tools-for-stm32.7-2018-q2-update.linux64_1.4.0.202007081208/tools/bin/../lib/gcc/arm-none-eabi/7.3.1/thumb/v7-m/libgcc.a
LOAD /opt/st/STM32CubeIDE/plugins/com.st.stm32cube.ide.mcu.externaltools.gnu-tools-for-stm32.7-2018-q2-update.linux64_1.4.0.202007081208/tools/bin/../lib/gcc/arm-none-eabi/7.3.1/../../../../arm-none-eabi/lib/thumb/v7-m/libc_nano.a
LOAD /opt/st/STM32CubeIDE/plugins/com.st.stm32cube.ide.mcu.externaltools.gnu-tools-for-stm32.7-2018-q2-update.linux64_1.4.0.202007081208/tools/bin/../lib/gcc/arm-none-eabi/7.3.1/../../../../arm-none-eabi/lib/thumb/v7-m/libnosys.a
END GROUP
LOAD /opt/st/STM32CubeIDE/plugins/com.st.stm32cube.ide.mcu.externaltools.gnu-tools-for-stm32.7-2018-q2-update.linux64_1.4.0.202007081208/tools/bin/../lib/gcc/arm-none-eabi/7.3.1/thumb/v7-m/crtend.o
LOAD /opt/st/STM32CubeIDE/plugins/com.st.stm32cube.ide.mcu.externaltools.gnu-tools-for-stm32.7-2018-q2-update.linux64_1.4.0.202007081208/tools/bin/../lib/gcc/arm-none-eabi/7.3.1/thumb/v7-m/crtn.o
                0x0000000020005000                _estack = (ORIGIN (RAM) + LENGTH (RAM))
                0x0000000000000200                _Min_Heap_Size = 0x200
                0x0000000000000400                _Min_Stack_Size = 0x400

.isr_vector     0x0000000008000000      0x10c
                0x0000000008000000                . = ALIGN (0x4)
 *(.isr_vector)
 .isr_vector    0x0000000008000000      0x10c Core/Startup/startup_stm32f103c8tx.o
                0x0000000008000000                g_pfnVectors
                0x000000000800010c                . = ALIGN (0x4)

.text           0x000000000800010c     0x1900
                0x000000000800010c                . = ALIGN (0x4)
 *(.text)
 .text          0x000000000800010c       0x40 /opt/st/STM32CubeIDE/plugins/com.st.stm32cube.ide.mcu.externaltools.gnu-tools-for-stm32.7-2018-q2-update.linux64_1.4.0.202007081208/tools/bin/../lib/gcc/arm-none-eabi/7.3.1/thumb/v7-m/crtbegin.o
 *(.text*)
 .text.main     0x000000000800014c       0xa4 Core/Src/main.o
                0x000000000800014c                main
 .text.SystemClock_Config
                0x00000000080001f0       0x76 Core/Src/main.o
                0x00000000080001f0                SystemClock_Config
 *fill*         0x0000000008000266        0x2 
 .text.MX_GPIO_Init
                0x0000000008000268       0x64 Core/Src/main.o
 .text.N1202_DrawFgPixel
                0x00000000080002cc       0x24 Core/Src/main.o
                0x00000000080002cc                N1202_DrawFgPixel
 .text.N1202_DrawBgPixel
                0x00000000080002f0       0x24 Core/Src/main.o
                0x00000000080002f0                N1202_DrawBgPixel
 .text.Error_Handler
                0x0000000008000314        0xc Core/Src/main.o
                0x0000000008000314                Error_Handler
 .text.N1202_SendByte
                0x0000000008000320       0xa0 Core/Src/n1202.o
                0x0000000008000320                N1202_SendByte
 .text.N1202_Clear
                0x00000000080003c0       0x34 Core/Src/n1202.o
                0x00000000080003c0                N1202_Clear
 .text.N1202_Update
                0x00000000080003f4       0x74 Core/Src/n1202.o
                0x00000000080003f4                N1202_Update
 .text.N1202_DrawPixel
                0x0000000008000468       0xbc Core/Src/n1202.o
                0x0000000008000468                N1202_DrawPixel
 .text.N1202_Init
                0x0000000008000524       0xb0 Core/Src/n1202.o
                0x0000000008000524                N1202_Init
 .text.HAL_MspInit
                0x00000000080005d4       0x64 Core/Src/stm32f1xx_hal_msp.o
                0x00000000080005d4                HAL_MspInit
 .text.NMI_Handler
                0x0000000008000638        0xc Core/Src/stm32f1xx_it.o
                0x0000000008000638                NMI_Handler
 .text.HardFault_Handler
                0x0000000008000644        0x6 Core/Src/stm32f1xx_it.o
                0x0000000008000644                HardFault_Handler
 .text.MemManage_Handler
                0x000000000800064a        0x6 Core/Src/stm32f1xx_it.o
                0x000000000800064a                MemManage_Handler
 .text.BusFault_Handler
                0x0000000008000650        0x6 Core/Src/stm32f1xx_it.o
                0x0000000008000650                BusFault_Handler
 .text.UsageFault_Handler
                0x0000000008000656        0x6 Core/Src/stm32f1xx_it.o
                0x0000000008000656                UsageFault_Handler
 .text.SVC_Handler
                0x000000000800065c        0xc Core/Src/stm32f1xx_it.o
                0x000000000800065c                SVC_Handler
 .text.DebugMon_Handler
                0x0000000008000668        0xc Core/Src/stm32f1xx_it.o
                0x0000000008000668                DebugMon_Handler
 .text.PendSV_Handler
                0x0000000008000674        0xc Core/Src/stm32f1xx_it.o
                0x0000000008000674                PendSV_Handler
 .text.SysTick_Handler
                0x0000000008000680        0xc Core/Src/stm32f1xx_it.o
                0x0000000008000680                SysTick_Handler
 .text.SystemInit
                0x000000000800068c        0xc Core/Src/system_stm32f1xx.o
                0x000000000800068c                SystemInit
 .text.U8G2FontRender
                0x0000000008000698       0x68 Core/Src/u8g2_font_render.o
                0x0000000008000698                U8G2FontRender
 .text.U8G2FontRender_ParseHeader
                0x0000000008000700       0xa0 Core/Src/u8g2_font_render.o
                0x0000000008000700                U8G2FontRender_ParseHeader
 .text.U8G2FontRender_PrintChar
                0x00000000080007a0       0x70 Core/Src/u8g2_font_render.o
                0x00000000080007a0                U8G2FontRender_PrintChar
 .text.U8G2FontRender_Print
                0x0000000008000810       0x3c Core/Src/u8g2_font_render.o
                0x0000000008000810                U8G2FontRender_Print
 .text.font_get_unsigned_bits
                0x000000000800084c       0x8c Core/Src/u8g2_font_render.o
                0x000000000800084c                font_get_unsigned_bits
 .text.font_get_signed_bits
                0x00000000080008d8       0x3a Core/Src/u8g2_font_render.o
                0x00000000080008d8                font_get_signed_bits
 .text.font_get_start_symbol_search_postition
                0x0000000008000912       0x42 Core/Src/u8g2_font_render.o
                0x0000000008000912                font_get_start_symbol_search_postition
 .text.font_get_glyph
                0x0000000008000954       0x6c Core/Src/u8g2_font_render.o
                0x0000000008000954                font_get_glyph
 .text.font_parse_glyph_header
                0x00000000080009c0       0x76 Core/Src/u8g2_font_render.o
                0x00000000080009c0                font_parse_glyph_header
 .text.font_draw_start_x_position
                0x0000000008000a36       0x1c Core/Src/u8g2_font_render.o
                0x0000000008000a36                font_draw_start_x_position
 .text.font_draw_start_y_position
                0x0000000008000a52       0x30 Core/Src/u8g2_font_render.o
                0x0000000008000a52                font_draw_start_y_position
 .text.font_render_glyph
                0x0000000008000a82      0x12c Core/Src/u8g2_font_render.o
                0x0000000008000a82                font_render_glyph
 *fill*         0x0000000008000bae        0x2 
 .text.Reset_Handler
                0x0000000008000bb0       0x48 Core/Startup/startup_stm32f103c8tx.o
                0x0000000008000bb0                Reset_Handler
 .text.Default_Handler
                0x0000000008000bf8        0x2 Core/Startup/startup_stm32f103c8tx.o
                0x0000000008000bf8                RTC_Alarm_IRQHandler
                0x0000000008000bf8                EXTI2_IRQHandler
                0x0000000008000bf8                TIM1_CC_IRQHandler
                0x0000000008000bf8                PVD_IRQHandler
                0x0000000008000bf8                EXTI3_IRQHandler
                0x0000000008000bf8                EXTI0_IRQHandler
                0x0000000008000bf8                I2C2_EV_IRQHandler
                0x0000000008000bf8                ADC1_2_IRQHandler
                0x0000000008000bf8                SPI1_IRQHandler
                0x0000000008000bf8                TAMPER_IRQHandler
                0x0000000008000bf8                DMA1_Channel4_IRQHandler
                0x0000000008000bf8                USART3_IRQHandler
                0x0000000008000bf8                RTC_IRQHandler
                0x0000000008000bf8                DMA1_Channel7_IRQHandler
                0x0000000008000bf8                CAN1_RX1_IRQHandler
                0x0000000008000bf8                TIM4_IRQHandler
                0x0000000008000bf8                I2C1_EV_IRQHandler
                0x0000000008000bf8                DMA1_Channel6_IRQHandler
                0x0000000008000bf8                TIM3_IRQHandler
                0x0000000008000bf8                RCC_IRQHandler
                0x0000000008000bf8                TIM1_TRG_COM_IRQHandler
                0x0000000008000bf8                DMA1_Channel1_IRQHandler
                0x0000000008000bf8                Default_Handler
                0x0000000008000bf8                EXTI15_10_IRQHandler
                0x0000000008000bf8                EXTI9_5_IRQHandler
                0x0000000008000bf8                SPI2_IRQHandler
                0x0000000008000bf8                DMA1_Channel5_IRQHandler
                0x0000000008000bf8                EXTI4_IRQHandler
                0x0000000008000bf8                USB_LP_CAN1_RX0_IRQHandler
                0x0000000008000bf8                USB_HP_CAN1_TX_IRQHandler
                0x0000000008000bf8                DMA1_Channel3_IRQHandler
                0x0000000008000bf8                TIM1_UP_IRQHandler
                0x0000000008000bf8                WWDG_IRQHandler
                0x0000000008000bf8                TIM2_IRQHandler
                0x0000000008000bf8                TIM1_BRK_IRQHandler
                0x0000000008000bf8                EXTI1_IRQHandler
                0x0000000008000bf8                USART2_IRQHandler
                0x0000000008000bf8                I2C2_ER_IRQHandler
                0x0000000008000bf8                DMA1_Channel2_IRQHandler
                0x0000000008000bf8                CAN1_SCE_IRQHandler
                0x0000000008000bf8                FLASH_IRQHandler
                0x0000000008000bf8                USART1_IRQHandler
                0x0000000008000bf8                I2C1_ER_IRQHandler
                0x0000000008000bf8                USBWakeUp_IRQHandler
 *fill*         0x0000000008000bfa        0x2 
 .text.HAL_Init
                0x0000000008000bfc       0x2c Drivers/STM32F1xx_HAL_Driver/Src/stm32f1xx_hal.o
                0x0000000008000bfc                HAL_Init
 .text.HAL_InitTick
                0x0000000008000c28       0x60 Drivers/STM32F1xx_HAL_Driver/Src/stm32f1xx_hal.o
                0x0000000008000c28                HAL_InitTick
 .text.HAL_IncTick
                0x0000000008000c88       0x24 Drivers/STM32F1xx_HAL_Driver/Src/stm32f1xx_hal.o
                0x0000000008000c88                HAL_IncTick
 .text.HAL_GetTick
                0x0000000008000cac       0x14 Drivers/STM32F1xx_HAL_Driver/Src/stm32f1xx_hal.o
                0x0000000008000cac                HAL_GetTick
 .text.HAL_Delay
                0x0000000008000cc0       0x44 Drivers/STM32F1xx_HAL_Driver/Src/stm32f1xx_hal.o
                0x0000000008000cc0                HAL_Delay
 .text.__NVIC_SetPriorityGrouping
                0x0000000008000d04       0x48 Drivers/STM32F1xx_HAL_Driver/Src/stm32f1xx_hal_cortex.o
 .text.__NVIC_GetPriorityGrouping
                0x0000000008000d4c       0x1c Drivers/STM32F1xx_HAL_Driver/Src/stm32f1xx_hal_cortex.o
 .text.__NVIC_SetPriority
                0x0000000008000d68       0x54 Drivers/STM32F1xx_HAL_Driver/Src/stm32f1xx_hal_cortex.o
 .text.NVIC_EncodePriority
                0x0000000008000dbc       0x64 Drivers/STM32F1xx_HAL_Driver/Src/stm32f1xx_hal_cortex.o
 .text.SysTick_Config
                0x0000000008000e20       0x44 Drivers/STM32F1xx_HAL_Driver/Src/stm32f1xx_hal_cortex.o
 .text.HAL_NVIC_SetPriorityGrouping
                0x0000000008000e64       0x16 Drivers/STM32F1xx_HAL_Driver/Src/stm32f1xx_hal_cortex.o
                0x0000000008000e64                HAL_NVIC_SetPriorityGrouping
 .text.HAL_NVIC_SetPriority
                0x0000000008000e7a       0x38 Drivers/STM32F1xx_HAL_Driver/Src/stm32f1xx_hal_cortex.o
                0x0000000008000e7a                HAL_NVIC_SetPriority
 .text.HAL_SYSTICK_Config
                0x0000000008000eb2       0x18 Drivers/STM32F1xx_HAL_Driver/Src/stm32f1xx_hal_cortex.o
                0x0000000008000eb2                HAL_SYSTICK_Config
 *fill*         0x0000000008000eca        0x2 
 .text.HAL_GPIO_Init
                0x0000000008000ecc      0x2b4 Drivers/STM32F1xx_HAL_Driver/Src/stm32f1xx_hal_gpio.o
                0x0000000008000ecc                HAL_GPIO_Init
 .text.HAL_GPIO_WritePin
                0x0000000008001180       0x30 Drivers/STM32F1xx_HAL_Driver/Src/stm32f1xx_hal_gpio.o
                0x0000000008001180                HAL_GPIO_WritePin
 .text.HAL_RCC_OscConfig
                0x00000000080011b0      0x500 Drivers/STM32F1xx_HAL_Driver/Src/stm32f1xx_hal_rcc.o
                0x00000000080011b0                HAL_RCC_OscConfig
 .text.HAL_RCC_ClockConfig
                0x00000000080016b0      0x1d4 Drivers/STM32F1xx_HAL_Driver/Src/stm32f1xx_hal_rcc.o
                0x00000000080016b0                HAL_RCC_ClockConfig
 .text.HAL_RCC_GetSysClockFreq
                0x0000000008001884       0xc4 Drivers/STM32F1xx_HAL_Driver/Src/stm32f1xx_hal_rcc.o
                0x0000000008001884                HAL_RCC_GetSysClockFreq
 .text.RCC_Delay
                0x0000000008001948       0x3c Drivers/STM32F1xx_HAL_Driver/Src/stm32f1xx_hal_rcc.o
 .text.__libc_init_array
                0x0000000008001984       0x48 /opt/st/STM32CubeIDE/plugins/com.st.stm32cube.ide.mcu.externaltools.gnu-tools-for-stm32.7-2018-q2-update.linux64_1.4.0.202007081208/tools/bin/../lib/gcc/arm-none-eabi/7.3.1/../../../../arm-none-eabi/lib/thumb/v7-m/libc_nano.a(lib_a-init.o)
                0x0000000008001984                __libc_init_array
 .text.memcpy   0x00000000080019cc       0x16 /opt/st/STM32CubeIDE/plugins/com.st.stm32cube.ide.mcu.externaltools.gnu-tools-for-stm32.7-2018-q2-update.linux64_1.4.0.202007081208/tools/bin/../lib/gcc/arm-none-eabi/7.3.1/../../../../arm-none-eabi/lib/thumb/v7-m/libc_nano.a(lib_a-memcpy-stub.o)
                0x00000000080019cc                memcpy
 .text.memset   0x00000000080019e2       0x10 /opt/st/STM32CubeIDE/plugins/com.st.stm32cube.ide.mcu.externaltools.gnu-tools-for-stm32.7-2018-q2-update.linux64_1.4.0.202007081208/tools/bin/../lib/gcc/arm-none-eabi/7.3.1/../../../../arm-none-eabi/lib/thumb/v7-m/libc_nano.a(lib_a-memset.o)
                0x00000000080019e2                memset
 *(.glue_7)
 .glue_7        0x00000000080019f2        0x0 linker stubs
 *(.glue_7t)
 .glue_7t       0x00000000080019f2        0x0 linker stubs
 *(.eh_frame)
 *fill*         0x00000000080019f2        0x2 
 .eh_frame      0x00000000080019f4        0x0 /opt/st/STM32CubeIDE/plugins/com.st.stm32cube.ide.mcu.externaltools.gnu-tools-for-stm32.7-2018-q2-update.linux64_1.4.0.202007081208/tools/bin/../lib/gcc/arm-none-eabi/7.3.1/thumb/v7-m/crtbegin.o
 *(.init)
 .init          0x00000000080019f4        0x4 /opt/st/STM32CubeIDE/plugins/com.st.stm32cube.ide.mcu.externaltools.gnu-tools-for-stm32.7-2018-q2-update.linux64_1.4.0.202007081208/tools/bin/../lib/gcc/arm-none-eabi/7.3.1/thumb/v7-m/crti.o
                0x00000000080019f4                _init
 .init          0x00000000080019f8        0x8 /opt/st/STM32CubeIDE/plugins/com.st.stm32cube.ide.mcu.externaltools.gnu-tools-for-stm32.7-2018-q2-update.linux64_1.4.0.202007081208/tools/bin/../lib/gcc/arm-none-eabi/7.3.1/thumb/v7-m/crtn.o
 *(.fini)
 .fini          0x0000000008001a00        0x4 /opt/st/STM32CubeIDE/plugins/com.st.stm32cube.ide.mcu.externaltools.gnu-tools-for-stm32.7-2018-q2-update.linux64_1.4.0.202007081208/tools/bin/../lib/gcc/arm-none-eabi/7.3.1/thumb/v7-m/crti.o
                0x0000000008001a00                _fini
 .fini          0x0000000008001a04        0x8 /opt/st/STM32CubeIDE/plugins/com.st.stm32cube.ide.mcu.externaltools.gnu-tools-for-stm32.7-2018-q2-update.linux64_1.4.0.202007081208/tools/bin/../lib/gcc/arm-none-eabi/7.3.1/thumb/v7-m/crtn.o
                0x0000000008001a0c                . = ALIGN (0x4)
                0x0000000008001a0c                _etext = .

.vfp11_veneer   0x0000000008001a0c        0x0
 .vfp11_veneer  0x0000000008001a0c        0x0 linker stubs

.v4_bx          0x0000000008001a0c        0x0
 .v4_bx         0x0000000008001a0c        0x0 linker stubs

.iplt           0x0000000008001a0c        0x0
 .iplt          0x0000000008001a0c        0x0 /opt/st/STM32CubeIDE/plugins/com.st.stm32cube.ide.mcu.externaltools.gnu-tools-for-stm32.7-2018-q2-update.linux64_1.4.0.202007081208/tools/bin/../lib/gcc/arm-none-eabi/7.3.1/thumb/v7-m/crtbegin.o

.rodata         0x0000000008001a0c      0x998
                0x0000000008001a0c                . = ALIGN (0x4)
 *(.rodata)
 .rodata        0x0000000008001a0c       0x65 Core/Src/main.o
 *fill*         0x0000000008001a71        0x3 
 .rodata        0x0000000008001a74       0x12 Drivers/STM32F1xx_HAL_Driver/Src/stm32f1xx_hal_rcc.o
 *(.rodata*)
 *fill*         0x0000000008001a86        0x2 
 .rodata.u8g2_font_profont12_tf
                0x0000000008001a88      0x90b Core/Src/main.o
                0x0000000008001a88                u8g2_font_profont12_tf
 *fill*         0x0000000008002393        0x1 
 .rodata.AHBPrescTable
                0x0000000008002394       0x10 Core/Src/system_stm32f1xx.o
                0x0000000008002394                AHBPrescTable
                0x00000000080023a4                . = ALIGN (0x4)

.rel.dyn        0x00000000080023a4        0x0
 .rel.iplt      0x00000000080023a4        0x0 /opt/st/STM32CubeIDE/plugins/com.st.stm32cube.ide.mcu.externaltools.gnu-tools-for-stm32.7-2018-q2-update.linux64_1.4.0.202007081208/tools/bin/../lib/gcc/arm-none-eabi/7.3.1/thumb/v7-m/crtbegin.o

.ARM.extab      0x00000000080023a4        0x0
                0x00000000080023a4                . = ALIGN (0x4)
 *(.ARM.extab* .gnu.linkonce.armextab.*)
                0x00000000080023a4                . = ALIGN (0x4)

.ARM            0x00000000080023a4        0x0
                0x00000000080023a4                . = ALIGN (0x4)
                0x00000000080023a4                __exidx_start = .
 *(.ARM.exidx*)
                0x00000000080023a4                __exidx_end = .
                0x00000000080023a4                . = ALIGN (0x4)

.preinit_array  0x00000000080023a4        0x0
                0x00000000080023a4                . = ALIGN (0x4)
                0x00000000080023a4                PROVIDE (__preinit_array_start = .)
 *(.preinit_array*)
                0x00000000080023a4                PROVIDE (__preinit_array_end = .)
                0x00000000080023a4                . = ALIGN (0x4)

.init_array     0x00000000080023a4        0x4
                0x00000000080023a4                . = ALIGN (0x4)
                0x00000000080023a4                PROVIDE (__init_array_start = .)
 *(SORT_BY_NAME(.init_array.*))
 *(.init_array*)
 .init_array    0x00000000080023a4        0x4 /opt/st/STM32CubeIDE/plugins/com.st.stm32cube.ide.mcu.externaltools.gnu-tools-for-stm32.7-2018-q2-update.linux64_1.4.0.202007081208/tools/bin/../lib/gcc/arm-none-eabi/7.3.1/thumb/v7-m/crtbegin.o
                0x00000000080023a8                PROVIDE (__init_array_end = .)
                0x00000000080023a8                . = ALIGN (0x4)

.fini_array     0x00000000080023a8        0x4
                0x00000000080023a8                . = ALIGN (0x4)
                [!provide]                        PROVIDE (__fini_array_start = .)
 *(SORT_BY_NAME(.fini_array.*))
 *(.fini_array*)
 .fini_array    0x00000000080023a8        0x4 /opt/st/STM32CubeIDE/plugins/com.st.stm32cube.ide.mcu.externaltools.gnu-tools-for-stm32.7-2018-q2-update.linux64_1.4.0.202007081208/tools/bin/../lib/gcc/arm-none-eabi/7.3.1/thumb/v7-m/crtbegin.o
                [!provide]                        PROVIDE (__fini_array_end = .)
                0x00000000080023ac                . = ALIGN (0x4)
                0x00000000080023ac                _sidata = LOADADDR (.data)

.data           0x0000000020000000        0xc load address 0x00000000080023ac
                0x0000000020000000                . = ALIGN (0x4)
                0x0000000020000000                _sdata = .
 *(.data)
 *(.data*)
 .data.SystemCoreClock
                0x0000000020000000        0x4 Core/Src/system_stm32f1xx.o
                0x0000000020000000                SystemCoreClock
 .data.uwTickPrio
                0x0000000020000004        0x4 Drivers/STM32F1xx_HAL_Driver/Src/stm32f1xx_hal.o
                0x0000000020000004                uwTickPrio
 .data.uwTickFreq
                0x0000000020000008        0x1 Drivers/STM32F1xx_HAL_Driver/Src/stm32f1xx_hal.o
                0x0000000020000008                uwTickFreq
                0x000000002000000c                . = ALIGN (0x4)
 *fill*         0x0000000020000009        0x3 
                0x000000002000000c                _edata = .

.igot.plt       0x000000002000000c        0x0 load address 0x00000000080023b8
 .igot.plt      0x000000002000000c        0x0 /opt/st/STM32CubeIDE/plugins/com.st.stm32cube.ide.mcu.externaltools.gnu-tools-for-stm32.7-2018-q2-update.linux64_1.4.0.202007081208/tools/bin/../lib/gcc/arm-none-eabi/7.3.1/thumb/v7-m/crtbegin.o
                0x000000002000000c                . = ALIGN (0x4)

.bss            0x000000002000000c      0x380 load address 0x00000000080023b8
                0x000000002000000c                _sbss = .
                0x000000002000000c                __bss_start__ = _sbss
 *(.bss)
 .bss           0x000000002000000c       0x1c /opt/st/STM32CubeIDE/plugins/com.st.stm32cube.ide.mcu.externaltools.gnu-tools-for-stm32.7-2018-q2-update.linux64_1.4.0.202007081208/tools/bin/../lib/gcc/arm-none-eabi/7.3.1/thumb/v7-m/crtbegin.o
 *(.bss*)
 *(COMMON)
 COMMON         0x0000000020000028      0x360 Core/Src/main.o
                0x0000000020000028                _N1202_RAM
 COMMON         0x0000000020000388        0x4 Drivers/STM32F1xx_HAL_Driver/Src/stm32f1xx_hal.o
                0x0000000020000388                uwTick
                0x000000002000038c                . = ALIGN (0x4)
                0x000000002000038c                _ebss = .
                0x000000002000038c                __bss_end__ = _ebss

._user_heap_stack
                0x000000002000038c      0x604 load address 0x00000000080023b8
                0x0000000020000390                . = ALIGN (0x8)
 *fill*         0x000000002000038c        0x4 
                [!provide]                        PROVIDE (end = .)
                0x0000000020000390                PROVIDE (_end = .)
                0x0000000020000590                . = (. + _Min_Heap_Size)
 *fill*         0x0000000020000390      0x200 
                0x0000000020000990                . = (. + _Min_Stack_Size)
 *fill*         0x0000000020000590      0x400 
                0x0000000020000990                . = ALIGN (0x8)

/DISCARD/
 libc.a(*)
 libm.a(*)
 libgcc.a(*)

.ARM.attributes
                0x0000000000000000       0x29
 *(.ARM.attributes)
 .ARM.attributes
                0x0000000000000000       0x1d /opt/st/STM32CubeIDE/plugins/com.st.stm32cube.ide.mcu.externaltools.gnu-tools-for-stm32.7-2018-q2-update.linux64_1.4.0.202007081208/tools/bin/../lib/gcc/arm-none-eabi/7.3.1/thumb/v7-m/crti.o
 .ARM.attributes
                0x000000000000001d       0x2d /opt/st/STM32CubeIDE/plugins/com.st.stm32cube.ide.mcu.externaltools.gnu-tools-for-stm32.7-2018-q2-update.linux64_1.4.0.202007081208/tools/bin/../lib/gcc/arm-none-eabi/7.3.1/thumb/v7-m/crtbegin.o
 .ARM.attributes
                0x000000000000004a       0x33 Core/Src/main.o
 .ARM.attributes
                0x000000000000007d       0x33 Core/Src/n1202.o
 .ARM.attributes
                0x00000000000000b0       0x33 Core/Src/stm32f1xx_hal_msp.o
 .ARM.attributes
                0x00000000000000e3       0x33 Core/Src/stm32f1xx_it.o
 .ARM.attributes
                0x0000000000000116       0x33 Core/Src/system_stm32f1xx.o
 .ARM.attributes
                0x0000000000000149       0x33 Core/Src/u8g2_font_render.o
 .ARM.attributes
                0x000000000000017c       0x21 Core/Startup/startup_stm32f103c8tx.o
 .ARM.attributes
                0x000000000000019d       0x33 Drivers/STM32F1xx_HAL_Driver/Src/stm32f1xx_hal.o
 .ARM.attributes
                0x00000000000001d0       0x33 Drivers/STM32F1xx_HAL_Driver/Src/stm32f1xx_hal_cortex.o
 .ARM.attributes
                0x0000000000000203       0x33 Drivers/STM32F1xx_HAL_Driver/Src/stm32f1xx_hal_gpio.o
 .ARM.attributes
                0x0000000000000236       0x33 Drivers/STM32F1xx_HAL_Driver/Src/stm32f1xx_hal_rcc.o
 .ARM.attributes
                0x0000000000000269       0x2d /opt/st/STM32CubeIDE/plugins/com.st.stm32cube.ide.mcu.externaltools.gnu-tools-for-stm32.7-2018-q2-update.linux64_1.4.0.202007081208/tools/bin/../lib/gcc/arm-none-eabi/7.3.1/../../../../arm-none-eabi/lib/thumb/v7-m/libc_nano.a(lib_a-init.o)
 .ARM.attributes
                0x0000000000000296       0x2d /opt/st/STM32CubeIDE/plugins/com.st.stm32cube.ide.mcu.externaltools.gnu-tools-for-stm32.7-2018-q2-update.linux64_1.4.0.202007081208/tools/bin/../lib/gcc/arm-none-eabi/7.3.1/../../../../arm-none-eabi/lib/thumb/v7-m/libc_nano.a(lib_a-memcpy-stub.o)
 .ARM.attributes
                0x00000000000002c3       0x2d /opt/st/STM32CubeIDE/plugins/com.st.stm32cube.ide.mcu.externaltools.gnu-tools-for-stm32.7-2018-q2-update.linux64_1.4.0.202007081208/tools/bin/../lib/gcc/arm-none-eabi/7.3.1/../../../../arm-none-eabi/lib/thumb/v7-m/libc_nano.a(lib_a-memset.o)
 .ARM.attributes
                0x00000000000002f0       0x1d /opt/st/STM32CubeIDE/plugins/com.st.stm32cube.ide.mcu.externaltools.gnu-tools-for-stm32.7-2018-q2-update.linux64_1.4.0.202007081208/tools/bin/../lib/gcc/arm-none-eabi/7.3.1/thumb/v7-m/crtn.o
OUTPUT(U8G2FontRender_Nokia1202.elf elf32-littlearm)

.debug_info     0x0000000000000000     0x55c8
 .debug_info    0x0000000000000000      0xf86 Core/Src/main.o
 .debug_info    0x0000000000000f86      0xda2 Core/Src/n1202.o
 .debug_info    0x0000000000001d28      0x2d6 Core/Src/stm32f1xx_hal_msp.o
 .debug_info    0x0000000000001ffe      0x20a Core/Src/stm32f1xx_it.o
 .debug_info    0x0000000000002208      0x29a Core/Src/system_stm32f1xx.o
 .debug_info    0x00000000000024a2      0xff5 Core/Src/u8g2_font_render.o
 .debug_info    0x0000000000003497       0x22 Core/Startup/startup_stm32f103c8tx.o
 .debug_info    0x00000000000034b9      0x714 Drivers/STM32F1xx_HAL_Driver/Src/stm32f1xx_hal.o
 .debug_info    0x0000000000003bcd      0xb51 Drivers/STM32F1xx_HAL_Driver/Src/stm32f1xx_hal_cortex.o
 .debug_info    0x000000000000471e      0x69b Drivers/STM32F1xx_HAL_Driver/Src/stm32f1xx_hal_gpio.o
 .debug_info    0x0000000000004db9      0x80f Drivers/STM32F1xx_HAL_Driver/Src/stm32f1xx_hal_rcc.o

.debug_abbrev   0x0000000000000000     0x12b7
 .debug_abbrev  0x0000000000000000      0x244 Core/Src/main.o
 .debug_abbrev  0x0000000000000244      0x275 Core/Src/n1202.o
 .debug_abbrev  0x00000000000004b9      0x109 Core/Src/stm32f1xx_hal_msp.o
 .debug_abbrev  0x00000000000005c2       0xc6 Core/Src/stm32f1xx_it.o
 .debug_abbrev  0x0000000000000688      0x134 Core/Src/system_stm32f1xx.o
 .debug_abbrev  0x00000000000007bc      0x24a Core/Src/u8g2_font_render.o
 .debug_abbrev  0x0000000000000a06       0x12 Core/Startup/startup_stm32f103c8tx.o
 .debug_abbrev  0x0000000000000a18      0x1c7 Drivers/STM32F1xx_HAL_Driver/Src/stm32f1xx_hal.o
 .debug_abbrev  0x0000000000000bdf      0x2d5 Drivers/STM32F1xx_HAL_Driver/Src/stm32f1xx_hal_cortex.o
 .debug_abbrev  0x0000000000000eb4      0x1c0 Drivers/STM32F1xx_HAL_Driver/Src/stm32f1xx_hal_gpio.o
 .debug_abbrev  0x0000000000001074      0x243 Drivers/STM32F1xx_HAL_Driver/Src/stm32f1xx_hal_rcc.o

.debug_aranges  0x0000000000000000      0x4c0
 .debug_aranges
                0x0000000000000000       0x48 Core/Src/main.o
 .debug_aranges
                0x0000000000000048       0x68 Core/Src/n1202.o
 .debug_aranges
                0x00000000000000b0       0x20 Core/Src/stm32f1xx_hal_msp.o
 .debug_aranges
                0x00000000000000d0       0x60 Core/Src/stm32f1xx_it.o
 .debug_aranges
                0x0000000000000130       0x28 Core/Src/system_stm32f1xx.o
 .debug_aranges
                0x0000000000000158       0x78 Core/Src/u8g2_font_render.o
 .debug_aranges
                0x00000000000001d0       0x28 Core/Startup/startup_stm32f103c8tx.o
 .debug_aranges
                0x00000000000001f8       0xe0 Drivers/STM32F1xx_HAL_Driver/Src/stm32f1xx_hal.o
 .debug_aranges
                0x00000000000002d8      0x100 Drivers/STM32F1xx_HAL_Driver/Src/stm32f1xx_hal_cortex.o
 .debug_aranges
                0x00000000000003d8       0x58 Drivers/STM32F1xx_HAL_Driver/Src/stm32f1xx_hal_gpio.o
 .debug_aranges
                0x0000000000000430       0x90 Drivers/STM32F1xx_HAL_Driver/Src/stm32f1xx_hal_rcc.o

.debug_ranges   0x0000000000000000      0x430
 .debug_ranges  0x0000000000000000       0x38 Core/Src/main.o
 .debug_ranges  0x0000000000000038       0x58 Core/Src/n1202.o
 .debug_ranges  0x0000000000000090       0x10 Core/Src/stm32f1xx_hal_msp.o
 .debug_ranges  0x00000000000000a0       0x50 Core/Src/stm32f1xx_it.o
 .debug_ranges  0x00000000000000f0       0x18 Core/Src/system_stm32f1xx.o
 .debug_ranges  0x0000000000000108       0x80 Core/Src/u8g2_font_render.o
 .debug_ranges  0x0000000000000188       0x20 Core/Startup/startup_stm32f103c8tx.o
 .debug_ranges  0x00000000000001a8       0xd0 Drivers/STM32F1xx_HAL_Driver/Src/stm32f1xx_hal.o
 .debug_ranges  0x0000000000000278       0xf0 Drivers/STM32F1xx_HAL_Driver/Src/stm32f1xx_hal_cortex.o
 .debug_ranges  0x0000000000000368       0x48 Drivers/STM32F1xx_HAL_Driver/Src/stm32f1xx_hal_gpio.o
 .debug_ranges  0x00000000000003b0       0x80 Drivers/STM32F1xx_HAL_Driver/Src/stm32f1xx_hal_rcc.o

.debug_macro    0x0000000000000000    0x16d6b
 .debug_macro   0x0000000000000000      0x2ae Core/Src/main.o
 .debug_macro   0x00000000000002ae      0xa5a Core/Src/main.o
 .debug_macro   0x0000000000000d08      0x20f Core/Src/main.o
 .debug_macro   0x0000000000000f17       0x2e Core/Src/main.o
 .debug_macro   0x0000000000000f45       0x22 Core/Src/main.o
 .debug_macro   0x0000000000000f67       0x22 Core/Src/main.o
 .debug_macro   0x0000000000000f89       0x8e Core/Src/main.o
 .debug_macro   0x0000000000001017       0x51 Core/Src/main.o
 .debug_macro   0x0000000000001068       0xef Core/Src/main.o
 .debug_macro   0x0000000000001157       0x6a Core/Src/main.o
 .debug_macro   0x00000000000011c1      0x1df Core/Src/main.o
 .debug_macro   0x00000000000013a0       0x1c Core/Src/main.o
 .debug_macro   0x00000000000013bc       0x22 Core/Src/main.o
 .debug_macro   0x00000000000013de       0xc3 Core/Src/main.o
 .debug_macro   0x00000000000014a1      0xd23 Core/Src/main.o
 .debug_macro   0x00000000000021c4     0xe097 Core/Src/main.o
 .debug_macro   0x000000000001025b       0x43 Core/Src/main.o
 .debug_macro   0x000000000001029e     0x3468 Core/Src/main.o
 .debug_macro   0x0000000000013706      0x174 Core/Src/main.o
 .debug_macro   0x000000000001387a       0x5c Core/Src/main.o
 .debug_macro   0x00000000000138d6      0x5be Core/Src/main.o
 .debug_macro   0x0000000000013e94      0x289 Core/Src/main.o
 .debug_macro   0x000000000001411d      0x1cb Core/Src/main.o
 .debug_macro   0x00000000000142e8      0x114 Core/Src/main.o
 .debug_macro   0x00000000000143fc      0x1b2 Core/Src/main.o
 .debug_macro   0x00000000000145ae       0x27 Core/Src/main.o
 .debug_macro   0x00000000000145d5      0x136 Core/Src/main.o
 .debug_macro   0x000000000001470b      0x1bc Core/Src/main.o
 .debug_macro   0x00000000000148c7       0x34 Core/Src/main.o
 .debug_macro   0x00000000000148fb       0x3c Core/Src/main.o
 .debug_macro   0x0000000000014937       0x57 Core/Src/main.o
 .debug_macro   0x000000000001498e       0x88 Core/Src/main.o
 .debug_macro   0x0000000000014a16      0x241 Core/Src/main.o
 .debug_macro   0x0000000000014c57      0x141 Core/Src/main.o
 .debug_macro   0x0000000000014d98       0x83 Core/Src/main.o
 .debug_macro   0x0000000000014e1b       0x40 Core/Src/main.o
 .debug_macro   0x0000000000014e5b       0x18 Core/Src/main.o
 .debug_macro   0x0000000000014e73       0x46 Core/Src/main.o
 .debug_macro   0x0000000000014eb9       0x3c Core/Src/main.o
 .debug_macro   0x0000000000014ef5       0x34 Core/Src/main.o
 .debug_macro   0x0000000000014f29       0x16 Core/Src/main.o
 .debug_macro   0x0000000000014f3f       0x35 Core/Src/main.o
 .debug_macro   0x0000000000014f74       0x52 Core/Src/main.o
 .debug_macro   0x0000000000014fc6       0x1f Core/Src/main.o
 .debug_macro   0x0000000000014fe5       0x43 Core/Src/main.o
 .debug_macro   0x0000000000015028       0x20 Core/Src/main.o
 .debug_macro   0x0000000000015048      0x1a3 Core/Src/main.o
 .debug_macro   0x00000000000151eb      0x32a Core/Src/main.o
 .debug_macro   0x0000000000015515       0x16 Core/Src/main.o
 .debug_macro   0x000000000001552b       0x29 Core/Src/main.o
 .debug_macro   0x0000000000015554       0x3a Core/Src/main.o
 .debug_macro   0x000000000001558e       0x16 Core/Src/main.o
 .debug_macro   0x00000000000155a4       0x20 Core/Src/main.o
 .debug_macro   0x00000000000155c4       0x1c Core/Src/main.o
 .debug_macro   0x00000000000155e0      0x255 Core/Src/n1202.o
 .debug_macro   0x0000000000015835       0x40 Core/Src/n1202.o
 .debug_macro   0x0000000000015875       0x94 Core/Src/n1202.o
 .debug_macro   0x0000000000015909      0x10e Core/Src/n1202.o
 .debug_macro   0x0000000000015a17       0x8d Core/Src/n1202.o
 .debug_macro   0x0000000000015aa4       0x57 Core/Src/n1202.o
 .debug_macro   0x0000000000015afb      0x330 Core/Src/n1202.o
 .debug_macro   0x0000000000015e2b       0xbd Core/Src/n1202.o
 .debug_macro   0x0000000000015ee8       0x56 Core/Src/n1202.o
 .debug_macro   0x0000000000015f3e       0x46 Core/Src/n1202.o
 .debug_macro   0x0000000000015f84      0x193 Core/Src/stm32f1xx_hal_msp.o
 .debug_macro   0x0000000000016117      0x19d Core/Src/stm32f1xx_it.o
 .debug_macro   0x00000000000162b4      0x184 Core/Src/system_stm32f1xx.o
 .debug_macro   0x0000000000016438      0x282 Core/Src/u8g2_font_render.o
 .debug_macro   0x00000000000166ba      0x1a8 Drivers/STM32F1xx_HAL_Driver/Src/stm32f1xx_hal.o
 .debug_macro   0x0000000000016862      0x184 Drivers/STM32F1xx_HAL_Driver/Src/stm32f1xx_hal_cortex.o
 .debug_macro   0x00000000000169e6      0x1ef Drivers/STM32F1xx_HAL_Driver/Src/stm32f1xx_hal_gpio.o
 .debug_macro   0x0000000000016bd5      0x196 Drivers/STM32F1xx_HAL_Driver/Src/stm32f1xx_hal_rcc.o

.debug_line     0x0000000000000000     0x4cfb
 .debug_line    0x0000000000000000      0x7fc Core/Src/main.o
 .debug_line    0x00000000000007fc      0x874 Core/Src/n1202.o
 .debug_line    0x0000000000001070      0x5f3 Core/Src/stm32f1xx_hal_msp.o
 .debug_line    0x0000000000001663      0x696 Core/Src/stm32f1xx_it.o
 .debug_line    0x0000000000001cf9      0x61a Core/Src/system_stm32f1xx.o
 .debug_line    0x0000000000002313      0x89d Core/Src/u8g2_font_render.o
 .debug_line    0x0000000000002bb0       0x84 Core/Startup/startup_stm32f103c8tx.o
 .debug_line    0x0000000000002c34      0x7cd Drivers/STM32F1xx_HAL_Driver/Src/stm32f1xx_hal.o
 .debug_line    0x0000000000003401      0x8a4 Drivers/STM32F1xx_HAL_Driver/Src/stm32f1xx_hal_cortex.o
 .debug_line    0x0000000000003ca5      0x7c9 Drivers/STM32F1xx_HAL_Driver/Src/stm32f1xx_hal_gpio.o
 .debug_line    0x000000000000446e      0x88d Drivers/STM32F1xx_HAL_Driver/Src/stm32f1xx_hal_rcc.o

.debug_str      0x0000000000000000    0x7eb91
 .debug_str     0x0000000000000000    0x7d9a9 Core/Src/main.o
                                      0x7dd7d (size before relaxing)
 .debug_str     0x000000000007d9a9       0xcd Core/Src/n1202.o
                                      0x7d94b (size before relaxing)
 .debug_str     0x000000000007da76       0x5a Core/Src/stm32f1xx_hal_msp.o
                                      0x7a81a (size before relaxing)
 .debug_str     0x000000000007dad0       0xbd Core/Src/stm32f1xx_it.o
                                      0x7a837 (size before relaxing)
 .debug_str     0x000000000007db8d       0x52 Core/Src/system_stm32f1xx.o
                                      0x7a721 (size before relaxing)
 .debug_str     0x000000000007dbdf      0x1a1 Core/Src/u8g2_font_render.o
                                      0x7daf7 (size before relaxing)
 .debug_str     0x000000000007dd80       0x36 Core/Startup/startup_stm32f103c8tx.o
                                         0x88 (size before relaxing)
 .debug_str     0x000000000007ddb6      0x568 Drivers/STM32F1xx_HAL_Driver/Src/stm32f1xx_hal.o
                                      0x7adb2 (size before relaxing)
 .debug_str     0x000000000007e31e      0x300 Drivers/STM32F1xx_HAL_Driver/Src/stm32f1xx_hal_cortex.o
                                      0x7adba (size before relaxing)
 .debug_str     0x000000000007e61e      0x324 Drivers/STM32F1xx_HAL_Driver/Src/stm32f1xx_hal_gpio.o
                                      0x7aae5 (size before relaxing)
 .debug_str     0x000000000007e942      0x24f Drivers/STM32F1xx_HAL_Driver/Src/stm32f1xx_hal_rcc.o
                                      0x7ab1e (size before relaxing)

.comment        0x0000000000000000       0x7b
 .comment       0x0000000000000000       0x7b Core/Src/main.o
                                         0x7c (size before relaxing)
 .comment       0x000000000000007b       0x7c Core/Src/n1202.o
 .comment       0x000000000000007b       0x7c Core/Src/stm32f1xx_hal_msp.o
 .comment       0x000000000000007b       0x7c Core/Src/stm32f1xx_it.o
 .comment       0x000000000000007b       0x7c Core/Src/system_stm32f1xx.o
 .comment       0x000000000000007b       0x7c Core/Src/u8g2_font_render.o
 .comment       0x000000000000007b       0x7c Drivers/STM32F1xx_HAL_Driver/Src/stm32f1xx_hal.o
 .comment       0x000000000000007b       0x7c Drivers/STM32F1xx_HAL_Driver/Src/stm32f1xx_hal_cortex.o
 .comment       0x000000000000007b       0x7c Drivers/STM32F1xx_HAL_Driver/Src/stm32f1xx_hal_gpio.o
 .comment       0x000000000000007b       0x7c Drivers/STM32F1xx_HAL_Driver/Src/stm32f1xx_hal_rcc.o

.debug_frame    0x0000000000000000     0x1120
 .debug_frame   0x0000000000000000       0xe0 Core/Src/main.o
 .debug_frame   0x00000000000000e0      0x190 Core/Src/n1202.o
 .debug_frame   0x0000000000000270       0x38 Core/Src/stm32f1xx_hal_msp.o
 .debug_frame   0x00000000000002a8      0x10c Core/Src/stm32f1xx_it.o
 .debug_frame   0x00000000000003b4       0x58 Core/Src/system_stm32f1xx.o
 .debug_frame   0x000000000000040c      0x1dc Core/Src/u8g2_font_render.o
 .debug_frame   0x00000000000005e8      0x334 Drivers/STM32F1xx_HAL_Driver/Src/stm32f1xx_hal.o
 .debug_frame   0x000000000000091c      0x428 Drivers/STM32F1xx_HAL_Driver/Src/stm32f1xx_hal_cortex.o
 .debug_frame   0x0000000000000d44      0x14c Drivers/STM32F1xx_HAL_Driver/Src/stm32f1xx_hal_gpio.o
 .debug_frame   0x0000000000000e90      0x21c Drivers/STM32F1xx_HAL_Driver/Src/stm32f1xx_hal_rcc.o
 .debug_frame   0x00000000000010ac       0x2c /opt/st/STM32CubeIDE/plugins/com.st.stm32cube.ide.mcu.externaltools.gnu-tools-for-stm32.7-2018-q2-update.linux64_1.4.0.202007081208/tools/bin/../lib/gcc/arm-none-eabi/7.3.1/../../../../arm-none-eabi/lib/thumb/v7-m/libc_nano.a(lib_a-init.o)
 .debug_frame   0x00000000000010d8       0x28 /opt/st/STM32CubeIDE/plugins/com.st.stm32cube.ide.mcu.externaltools.gnu-tools-for-stm32.7-2018-q2-update.linux64_1.4.0.202007081208/tools/bin/../lib/gcc/arm-none-eabi/7.3.1/../../../../arm-none-eabi/lib/thumb/v7-m/libc_nano.a(lib_a-memcpy-stub.o)
 .debug_frame   0x0000000000001100       0x20 /opt/st/STM32CubeIDE/plugins/com.st.stm32cube.ide.mcu.externaltools.gnu-tools-for-stm32.7-2018-q2-update.linux64_1.4.0.202007081208/tools/bin/../lib/gcc/arm-none-eabi/7.3.1/../../../../arm-none-eabi/lib/thumb/v7-m/libc_nano.a(lib_a-memset.o)
